Running main() from gmock_main.cc
[==========] Running 1 test from 1 test suite.
[----------] Global test environment set-up.
[----------] 1 test from BPlusTreeTestC2Con
[ DISABLED ] BPlusTreeTestC2Con.DISABLED_InsertTest1
[ RUN      ] BPlusTreeTestC2Con.InsertTest2
插入元素计数：0
插入元素计数：1
插入元素计数：2
插入元素计数：3
插入元素计数：4
插入元素计数：5
插入元素计数：6
插入元素计数：7
插入元素计数：8
插入元素计数：0
插入元素计数：1
插入元素计数：2
插入元素计数：3
插入元素计数：4
插入元素计数：5
插入元素计数：6
插入元素计数：7
插入元素计数：8
插入元素计数：0
插入元素计数：1
插入元素计数：2
插入元素计数：3
插入元素计数：4
插入元素计数：5
插入元素计数：6
插入元素计数：7
插入元素计数：8
插入元素计数：0
插入元素计数：1
插入元素计数：2
插入元素计数：3
插入元素计数：4
插入元素计数：5
插入元素计数：6
插入元素计数：7
插入元素计数：8
插入元素计数：0
插入元素计数：1
插入元素计数：2
插入元素计数：3
插入元素计数：4
插入元素计数：5
插入元素计数：6
插入元素计数：7
插入元素计数：8
插入元素计数：0
插入元素计数：1
插入元素计数：2
插入元素计数：3
插入元素计数：4
插入元素计数：5
插入元素计数：6
插入元素计数：7
插入元素计数：8
插入元素计数：0
插入元素计数：1
插入元素计数：2
插入元素计数：3
插入元素计数：4
插入元素计数：5
插入元素计数：6
插入元素计数：7
插入元素计数：8
插入元素计数：0
插入元素计数：1
插入元素计数：2
插入元素计数：3
插入元素计数：4
插入元素计数：5
插入元素计数：6
插入元素计数：7
插入元素计数：8
插入元素计数：0
插入元素计数：1
插入元素计数：2
插入元素计数：3
插入元素计数：4
插入元素计数：5
插入元素计数：6
插入元素计数：7
插入元素计数：8
插入元素计数：0
插入元素计数：1
插入元素计数：2
插入元素计数：3
插入元素计数：4
插入元素计数：5
插入元素计数：6
插入元素计数：7
插入元素计数：8
插入元素计数：0
插入元素计数：1
插入元素计数：2
插入元素计数：3
插入元素计数：4
插入元素计数：5
插入元素计数：6
插入元素计数：7
插入元素计数：8
插入元素计数：0
插入元素计数：1
插入元素计数：2
插入元素计数：3
插入元素计数：4
插入元素计数：5
插入元素计数：6
插入元素计数：7
插入元素计数：8
插入元素计数：0
插入元素计数：1
插入元素计数：2
插入元素计数：3
插入元素计数：4
插入元素计数：5
插入元素计数：6
插入元素计数：7
插入元素计数：8
插入元素计数：0
插入元素计数：1
插入元素计数：2
插入元素计数：3
插入元素计数：4
插入元素计数：5
插入元素计数：6
插入元素计数：7
插入元素计数：8
插入元素计数：0
插入元素计数：1
插入元素计数：2
插入元素计数：3
插入元素计数：4
插入元素计数：5
插入元素计数：6
插入元素计数：7
插入元素计数：8
插入元素计数：0
插入元素计数：1
插入元素计数：2
插入元素计数：3
插入元素计数：4
插入元素计数：5
插入元素计数：6
插入元素计数：7
插入元素计数：8
插入元素计数：0
插入元素计数：1
插入元素计数：2
插入元素计数：3
插入元素计数：4
插入元素计数：5
插入元素计数：6
插入元素计数：7
插入元素计数：8
插入元素计数：0
插入元素计数：1
插入元素计数：2
插入元素计数：3
插入元素计数：4
插入元素计数：5
插入元素计数：6
插入元素计数：7
插入元素计数：8
插入元素计数：0
插入元素计数：1
插入元素计数：2
插入元素计数：3
插入元素计数：4
插入元素计数：5
插入元素计数：6
插入元素计数：7
插入元素计数：8
插入元素计数：0
插入元素计数：1
插入元素计数：2
插入元素计数：3
插入元素计数：4
插入元素计数：5
插入元素计数：6
插入元素计数：7
插入元素计数：8
插入元素计数：0
插入元素计数：1
插入元素计数：2
插入元素计数：3
插入元素计数：4
插入元素计数：5
插入元素计数：6
插入元素计数：7
插入元素计数：8
插入元素计数：0
插入元素计数：1
插入元素计数：2
插入元素计数：3
插入元素计数：4
插入元素计数：5
插入元素计数：6
插入元素计数：7
插入元素计数：8
插入元素计数：0
插入元素计数：1
插入元素计数：2
插入元素计数：3
插入元素计数：4
插入元素计数：5
插入元素计数：6
插入元素计数：7
插入元素计数：8
插入元素计数：0
插入元素计数：1
插入元素计数：2
插入元素计数：3
插入元素计数：4
插入元素计数：5
插入元素计数：6
插入元素计数：7
插入元素计数：8
插入元素计数：0
插入元素计数：1
插入元素计数：2
插入元素计数：3
插入元素计数：4
插入元素计数：5
插入元素计数：6
插入元素计数：7
插入元素计数：8
插入元素计数：0
插入元素计数：1
插入元素计数：2
插入元素计数：3
插入元素计数：4
插入元素计数：5
插入元素计数：6
插入元素计数：7
插入元素计数：8
插入元素计数：0
插入元素计数：1
插入元素计数：2
插入元素计数：3
插入元素计数：4
插入元素计数：5
插入元素计数：6
插入元素计数：7
插入元素计数：8
插入元素计数：0
插入元素计数：1
插入元素计数：2
插入元素计数：3
插入元素计数：4
插入元素计数：5
插入元素计数：6
插入元素计数：7
插入元素计数：8
插入元素计数：0
插入元素计数：1
插入元素计数：2
插入元素计数：3
插入元素计数：4
插入元素计数：5
插入元素计数：6
插入元素计数：7
插入元素计数：8
插入元素计数：0
插入元素计数：1
插入元素计数：2
插入元素计数：3
插入元素计数：4
插入元素计数：5
插入元素计数：6
插入元素计数：7
插入元素计数：8
插入元素计数：0
插入元素计数：1
插入元素计数：2
插入元素计数：3
插入元素计数：4
插入元素计数：5
插入元素计数：6
插入元素计数：7
插入元素计数：8
插入元素计数：0
插入元素计数：1
插入元素计数：2
插入元素计数：3
插入元素计数：4
插入元素计数：5
插入元素计数：6
插入元素计数：7
插入元素计数：8
插入元素计数：0
插入元素计数：1
插入元素计数：2
插入元素计数：3
插入元素计数：4
插入元素计数：5
插入元素计数：6
插入元素计数：7
插入元素计数：8
插入元素计数：0
插入元素计数：1
插入元素计数：2
插入元素计数：3
插入元素计数：4
插入元素计数：5
插入元素计数：6
插入元素计数：7
插入元素计数：8
插入元素计数：0
插入元素计数：1
插入元素计数：2
插入元素计数：3
插入元素计数：4
插入元素计数：5
插入元素计数：6
插入元素计数：7
插入元素计数：8
插入元素计数：0
插入元素计数：1
插入元素计数：2
插入元素计数：3
插入元素计数：4
插入元素计数：5
插入元素计数：6
插入元素计数：7
插入元素计数：8
插入元素计数：0
插入元素计数：1
插入元素计数：2
插入元素计数：3
插入元素计数：4
插入元素计数：5
插入元素计数：6
插入元素计数：7
插入元素计数：8
插入元素计数：0
插入元素计数：1
插入元素计数：2
插入元素计数：3
插入元素计数：4
插入元素计数：5
插入元素计数：6
插入元素计数：7
插入元素计数：8
插入元素计数：0
插入元素计数：1
插入元素计数：2
插入元素计数：3
插入元素计数：4
插入元素计数：5
插入元素计数：6
插入元素计数：7
插入元素计数：8
插入元素计数：0
插入元素计数：1
插入元素计数：2
插入元素计数：3
插入元素计数：4
插入元素计数：5
插入元素计数：6
插入元素计数：7
插入元素计数：8
插入元素计数：0
插入元素计数：1
插入元素计数：2
插入元素计数：3
插入元素计数：4
插入元素计数：5
插入元素计数：6
插入元素计数：7
插入元素计数：8
插入元素计数：0
插入元素计数：1
插入元素计数：2
插入元素计数：3
插入元素计数：4
插入元素计数：5
插入元素计数：6
插入元素计数：7
插入元素计数：8
插入元素计数：0
插入元素计数：1
插入元素计数：2
插入元素计数：3
插入元素计数：4
插入元素计数：5
插入元素计数：6
插入元素计数：7
插入元素计数：8
插入元素计数：0
插入元素计数：1
插入元素计数：2
插入元素计数：3
插入元素计数：4
插入元素计数：5
插入元素计数：6
插入元素计数：7
插入元素计数：8
插入元素计数：0
插入元素计数：1
插入元素计数：2
插入元素计数：3
插入元素计数：4
插入元素计数：5
插入元素计数：6
插入元素计数：7
插入元素计数：8
插入元素计数：0
插入元素计数：1
插入元素计数：2
插入元素计数：3
插入元素计数：4
插入元素计数：5
插入元素计数：6
插入元素计数：7
插入元素计数：8
插入元素计数：0
插入元素计数：1
插入元素计数：2
插入元素计数：3
插入元素计数：4
插入元素计数：5
插入元素计数：6
插入元素计数：7
插入元素计数：8
插入元素计数：0
插入元素计数：1
插入元素计数：2
插入元素计数：3
插入元素计数：4
插入元素计数：5
插入元素计数：6
插入元素计数：7
插入元素计数：8
插入元素计数：0
插入元素计数：1
插入元素计数：2
插入元素计数：3
插入元素计数：4
插入元素计数：5
插入元素计数：6
插入元素计数：7
插入元素计数：8
插入元素计数：0
插入元素计数：1
插入元素计数：2
插入元素计数：3
插入元素计数：4
插入元素计数：5
插入元素计数：6
插入元素计数：7
插入元素计数：8
插入元素计数：0
插入元素计数：1
插入元素计数：2
插入元素计数：3
插入元素计数：4
插入元素计数：5
插入元素计数：6
插入元素计数：7
插入元素计数：8
插入元素计数：0
插入元素计数：1
插入元素计数：2
插入元素计数：3
插入元素计数：4
插入元素计数：5
插入元素计数：6
插入元素计数：7
插入元素计数：8
插入元素计数：0
插入元素计数：1
插入元素计数：2
插入元素计数：3
插入元素计数：4
插入元素计数：5
插入元素计数：6
插入元素计数：7
插入元素计数：8
插入元素计数：0
插入元素计数：1
插入元素计数：2
插入元素计数：3
插入元素计数：4
插入元素计数：5
插入元素计数：6
插入元素计数：7
插入元素计数：8
插入元素计数：0
插入元素计数：1
插入元素计数：2
插入元素计数：3
插入元素计数：4
插入元素计数：5
插入元素计数：6
插入元素计数：7
插入元素计数：8
插入元素计数：0
插入元素计数：1
插入元素计数：2
插入元素计数：3
插入元素计数：4
插入元素计数：5
插入元素计数：6
插入元素计数：7
插入元素计数：8
插入元素计数：0
插入元素计数：1
插入元素计数：2
插入元素计数：3
插入元素计数：4
插入元素计数：5
插入元素计数：6
插入元素计数：7
插入元素计数：8
插入元素计数：0
插入元素计数：1
插入元素计数：2
插入元素计数：3
插入元素计数：4
插入元素计数：5
插入元素计数：6
插入元素计数：7
插入元素计数：8
插入元素计数：0
插入元素计数：1
插入元素计数：2
插入元素计数：3
插入元素计数：4
插入元素计数：5
插入元素计数：6
插入元素计数：7
插入元素计数：8
插入元素计数：0
插入元素计数：1
插入元素计数：2
插入元素计数：3
插入元素计数：4
插入元素计数：5
插入元素计数：6
插入元素计数：7
插入元素计数：8
插入元素计数：0
插入元素计数：1
插入元素计数：2
插入元素计数：3
插入元素计数：4
插入元素计数：5
插入元素计数：6
插入元素计数：7
插入元素计数：8
插入元素计数：0
插入元素计数：1
插入元素计数：2
插入元素计数：3
插入元素计数：4
插入元素计数：5
插入元素计数：6
插入元素计数：7
插入元素计数：8
插入元素计数：0
插入元素计数：1
插入元素计数：2
插入元素计数：3
插入元素计数：4
插入元素计数：5
插入元素计数：6
插入元素计数：7
插入元素计数：8
插入元素计数：0
插入元素计数：1
插入元素计数：2
插入元素计数：3
插入元素计数：4
插入元素计数：5
插入元素计数：6
插入元素计数：7
插入元素计数：8
插入元素计数：0
插入元素计数：1
插入元素计数：2
插入元素计数：3
插入元素计数：4
插入元素计数：5
插入元素计数：6
插入元素计数：7
插入元素计数：8
插入元素计数：0
插入元素计数：1
插入元素计数：2
插入元素计数：3
插入元素计数：4
插入元素计数：5
插入元素计数：6
插入元素计数：7
插入元素计数：8
插入元素计数：0
插入元素计数：1
插入元素计数：2
插入元素计数：3
插入元素计数：4
插入元素计数：5
插入元素计数：6
插入元素计数：7
插入元素计数：8
插入元素计数：0
插入元素计数：1
插入元素计数：2
插入元素计数：3
插入元素计数：4
插入元素计数：5
插入元素计数：6
插入元素计数：7
插入元素计数：8
插入元素计数：0
插入元素计数：1
插入元素计数：2
插入元素计数：3
插入元素计数：4
插入元素计数：5
插入元素计数：6
插入元素计数：7
插入元素计数：8
插入元素计数：0
插入元素计数：1
插入元素计数：2
插入元素计数：3
插入元素计数：4
插入元素计数：5
插入元素计数：6
插入元素计数：7
插入元素计数：8
插入元素计数：0
插入元素计数：1
插入元素计数：2
插入元素计数：3
插入元素计数：4
插入元素计数：5
插入元素计数：6
插入元素计数：7
插入元素计数：8
插入元素计数：0
插入元素计数：1
插入元素计数：2
插入元素计数：3
插入元素计数：4
插入元素计数：5
插入元素计数：6
插入元素计数：7
插入元素计数：8
插入元素计数：0
插入元素计数：1
插入元素计数：2
插入元素计数：3
插入元素计数：4
插入元素计数：5
插入元素计数：6
插入元素计数：7
插入元素计数：8
插入元素计数：0
插入元素计数：1
插入元素计数：2
插入元素计数：3
插入元素计数：4
插入元素计数：5
插入元素计数：6
插入元素计数：7
插入元素计数：8
插入元素计数：0
插入元素计数：1
插入元素计数：2
插入元素计数：3
插入元素计数：4
插入元素计数：5
插入元素计数：6
插入元素计数：7
插入元素计数：8
插入元素计数：0
插入元素计数：1
插入元素计数：2
插入元素计数：3
插入元素计数：4
插入元素计数：5
插入元素计数：6
插入元素计数：7
插入元素计数：8
插入元素计数：0
插入元素计数：1
插入元素计数：2
插入元素计数：3
插入元素计数：4
插入元素计数：5
插入元素计数：6
插入元素计数：7
插入元素计数：8
插入元素计数：0
插入元素计数：1
插入元素计数：2
插入元素计数：3
插入元素计数：4
插入元素计数：5
插入元素计数：6
插入元素计数：7
插入元素计数：8
插入元素计数：0
插入元素计数：1
插入元素计数：2
插入元素计数：3
插入元素计数：4
插入元素计数：5
插入元素计数：6
插入元素计数：7
插入元素计数：8
插入元素计数：0
插入元素计数：1
插入元素计数：2
插入元素计数：3
插入元素计数：4
插入元素计数：5
插入元素计数：6
插入元素计数：7
插入元素计数：8
插入元素计数：0
插入元素计数：1
插入元素计数：2
插入元素计数：3
插入元素计数：4
插入元素计数：5
插入元素计数：6
插入元素计数：7
插入元素计数：8
插入元素计数：0
插入元素计数：1
插入元素计数：2
插入元素计数：3
插入元素计数：4
插入元素计数：5
插入元素计数：6
插入元素计数：7
插入元素计数：8
插入元素计数：0
插入元素计数：1
插入元素计数：2
插入元素计数：3
插入元素计数：4
插入元素计数：5
插入元素计数：6
插入元素计数：7
插入元素计数：8
插入元素计数：0
插入元素计数：1
插入元素计数：2
插入元素计数：3
插入元素计数：4
插入元素计数：5
插入元素计数：6
插入元素计数：7
插入元素计数：8
插入元素计数：0
插入元素计数：1
插入元素计数：2
插入元素计数：3
插入元素计数：4
插入元素计数：5
插入元素计数：6
插入元素计数：7
插入元素计数：8
插入元素计数：0
插入元素计数：1
插入元素计数：2
插入元素计数：3
插入元素计数：4
插入元素计数：5
插入元素计数：6
插入元素计数：7
插入元素计数：8
插入元素计数：0
插入元素计数：1
插入元素计数：2
插入元素计数：3
插入元素计数：4
插入元素计数：5
插入元素计数：6
插入元素计数：7
插入元素计数：8
插入元素计数：0
插入元素计数：1
插入元素计数：2
插入元素计数：3
插入元素计数：4
插入元素计数：5
插入元素计数：6
插入元素计数：7
插入元素计数：8
插入元素计数：0
插入元素计数：1
插入元素计数：2
插入元素计数：3
插入元素计数：4
插入元素计数：5
插入元素计数：6
插入元素计数：7
插入元素计数：8
插入元素计数：0
插入元素计数：1
插入元素计数：2
插入元素计数：3
插入元素计数：4
插入元素计数：5
插入元素计数：6
插入元素计数：7
插入元素计数：8
插入元素计数：0
插入元素计数：1
插入元素计数：2
插入元素计数：3
插入元素计数：4
插入元素计数：5
插入元素计数：6
插入元素计数：7
插入元素计数：8
插入元素计数：0
插入元素计数：1
插入元素计数：2
插入元素计数：3
插入元素计数：4
插入元素计数：5
插入元素计数：6
插入元素计数：7
插入元素计数：8
插入元素计数：0
插入元素计数：1
插入元素计数：2
插入元素计数：3
插入元素计数：4
插入元素计数：5
插入元素计数：6
插入元素计数：7
插入元素计数：8
插入元素计数：0
插入元素计数：1
插入元素计数：2
插入元素计数：3
插入元素计数：4
插入元素计数：5
插入元素计数：6
插入元素计数：7
插入元素计数：8
插入元素计数：0
插入元素计数：1
插入元素计数：2
插入元素计数：3
插入元素计数：4
插入元素计数：5
插入元素计数：6
插入元素计数：7
插入元素计数：8
插入元素计数：0
插入元素计数：1
插入元素计数：2
插入元素计数：3
插入元素计数：4
插入元素计数：5
插入元素计数：6
插入元素计数：7
插入元素计数：8
插入元素计数：0
插入元素计数：1
插入元素计数：2
插入元素计数：3
插入元素计数：4
插入元素计数：5
插入元素计数：6
插入元素计数：7
插入元素计数：8
插入元素计数：0
插入元素计数：1
插入元素计数：2
插入元素计数：3
插入元素计数：4
插入元素计数：5
插入元素计数：6
插入元素计数：7
插入元素计数：8
插入元素计数：0
插入元素计数：1
插入元素计数：2
插入元素计数：3
插入元素计数：4
插入元素计数：5
插入元素计数：6
插入元素计数：7
插入元素计数：8
插入元素计数：0
插入元素计数：1
插入元素计数：2
插入元素计数：3
插入元素计数：4
插入元素计数：5
插入元素计数：6
插入元素计数：7
插入元素计数：8
[       OK ] BPlusTreeTestC2Con.InsertTest2 (446 ms)
[ DISABLED ] BPlusTreeTestC2Con.DISABLED_DeleteTest1
[ DISABLED ] BPlusTreeTestC2Con.DISABLED_DeleteTest2
[ DISABLED ] BPlusTreeTestC2Con.DISABLED_MixTest1
[ DISABLED ] BPlusTreeTestC2Con.DISABLED_MixTest2
[ DISABLED ] BPlusTreeTestC2Con.DISABLED_MixTest3
[ DISABLED ] BPlusTreeTestC2Con.DISABLED_MixTest4
[----------] 1 test from BPlusTreeTestC2Con (446 ms total)

[----------] Global test environment tear-down
[==========] 1 test from 1 test suite ran. (446 ms total)
[  PASSED  ] 1 test.

  YOU HAVE 13 DISABLED TESTS

